Command line invocation:
    /Applications/Xcode_26.6.app/Contents/Developer/usr/bin/xcodebuild test -project StillMe.xcodeproj -scheme StillMe -destination id=BA9128D4-18C1-4D81-8EB6-C9DEA307B16B -derivedDataPath build CODE_SIGNING_ALLOWED=NO

Build settings from command line:
    CODE_SIGNING_ALLOWED = NO

--- xcodebuild: WARNING: Using the first of multiple matching destinations:
{ platform:iOS Simulator, arch:arm64, id:BA9128D4-18C1-4D81-8EB6-C9DEA307B16B, OS:26.2, name:iPhone 17 Pro Max }
{ platform:iOS Simulator, arch:x86_64, id:BA9128D4-18C1-4D81-8EB6-C9DEA307B16B, OS:26.2, name:iPhone 17 Pro Max }
ComputePackagePrebuildTargetDependencyGraph

Prepare packages

CreateBuildRequest

SendProjectDescription

CreateBuildOperation

ComputeTargetDependencyGraph
note: Building targets in dependency order
note: Target dependency graph (2 targets)
    Target 'StillMeTests' in project 'StillMe'
        ➜ Explicit dependency on target 'StillMe' in project 'StillMe'
    Target 'StillMe' in project 'StillMe' (no dependencies)

GatherProvisioningInputs

CreateBuildDescription

ExecuteExternalTool /Applications/Xcode_26.6.app/Contents/Developer/usr/bin/actool --print-asset-tag-combinations --output-format xml1 /Users/runner/work/doomcon/doomcon/stillme/ios/StillMe/Assets.xcassets

ExecuteExternalTool /Applications/Xcode_26.6.app/Contents/Developer/Toolchains/XcodeDefault.xctoolchain/usr/bin/swiftc --version

ExecuteExternalTool /Applications/Xcode_26.6.app/Contents/Developer/Toolchains/XcodeDefault.xctoolchain/usr/bin/clang -v -E -dM -isysroot /Applications/Xcode_26.6.app/Contents/Developer/Platforms/iPhoneSimulator.platform/Developer/SDKs/iPhoneSimulator26.5.sdk -x c -c /dev/null

ExecuteExternalTool /Applications/Xcode_26.6.app/Contents/Developer/usr/bin/actool --version --output-format xml1

ExecuteExternalTool /Applications/Xcode_26.6.app/Contents/Developer/Toolchains/XcodeDefault.xctoolchain/usr/bin/ld -version_details

Build description signature: 6d341408d3a3b2e6fd5af325c780fe37
Build description path: /Users/runner/work/doomcon/doomcon/stillme/ios/build/Build/Intermediates.noindex/XCBuildData/6d341408d3a3b2e6fd5af325c780fe37.xcbuilddata
ClangStatCache /Applications/Xcode_26.6.app/Contents/Developer/Toolchains/XcodeDefault.xctoolchain/usr/bin/clang-stat-cache /Applications/Xcode_26.6.app/Contents/Developer/Platforms/iPhoneSimulator.platform/Developer/SDKs/iPhoneSimulator26.5.sdk /Users/runner/work/doomcon/doomcon/stillme/ios/build/SDKStatCaches.noindex/iphonesimulator26.5-23F81a-688ef53f1462e2c8f657fdc38a81448ff45c64a1807a658693f2a61704f17a36.sdkstatcache
    cd /Users/runner/work/doomcon/doomcon/stillme/ios/StillMe.xcodeproj
    /Applications/Xcode_26.6.app/Contents/Developer/Toolchains/XcodeDefault.xctoolchain/usr/bin/clang-stat-cache /Applications/Xcode_26.6.app/Contents/Developer/Platforms/iPhoneSimulator.platform/Developer/SDKs/iPhoneSimulator26.5.sdk -o /Users/runner/work/doomcon/doomcon/stillme/ios/build/SDKStatCaches.noindex/iphonesimulator26.5-23F81a-688ef53f1462e2c8f657fdc38a81448ff45c64a1807a658693f2a61704f17a36.sdkstatcache

WriteAuxiliaryFile /Users/runner/work/doomcon/doomcon/stillme/ios/build/Build/Intermediates.noindex/StillMe.build/Debug-iphonesimulator/StillMeTests.build/empty-StillMeTests.plist (in target 'StillMeTests' from project 'StillMe')
    cd /Users/runner/work/doomcon/doomcon/stillme/ios
    write-file /Users/runner/work/doomcon/doomcon/stillme/ios/build/Build/Intermediates.noindex/StillMe.build/Debug-iphonesimulator/StillMeTests.build/empty-StillMeTests.plist

WriteAuxiliaryFile /Users/runner/work/doomcon/doomcon/stillme/ios/build/Build/Intermediates.noindex/StillMe.build/Debug-iphonesimulator/StillMeTests.build/StillMeTests.hmap (in target 'StillMeTests' from project 'StillMe')
    cd /Users/runner/work/doomcon/doomcon/stillme/ios
    write-file /Users/runner/work/doomcon/doomcon/stillme/ios/build/Build/Intermediates.noindex/StillMe.build/Debug-iphonesimulator/StillMeTests.build/StillMeTests.hmap

WriteAuxiliaryFile /Users/runner/work/doomcon/doomcon/stillme/ios/build/Build/Intermediates.noindex/StillMe.build/Debug-iphonesimulator/StillMeTests.build/StillMeTests.DependencyStaticMetadataFileList (in target 'StillMeTests' from project 'StillMe')
    cd /Users/runner/work/doomcon/doomcon/stillme/ios
    write-file /Users/runner/work/doomcon/doomcon/stillme/ios/build/Build/Intermediates.noindex/StillMe.build/Debug-iphonesimulator/StillMeTests.build/StillMeTests.DependencyStaticMetadataFileList

WriteAuxiliaryFile /Users/runner/work/doomcon/doomcon/stillme/ios/build/Build/Intermediates.noindex/StillMe.build/Debug-iphonesimulator/StillMeTests.build/StillMeTests.DependencyMetadataFileList (in target 'StillMeTests' from project 'StillMe')
    cd /Users/runner/work/doomcon/doomcon/stillme/ios
    write-file /Users/runner/work/doomcon/doomcon/stillme/ios/build/Build/Intermediates.noindex/StillMe.build/Debug-iphonesimulator/StillMeTests.build/StillMeTests.DependencyMetadataFileList

WriteAuxiliaryFile /Users/runner/work/doomcon/doomcon/stillme/ios/build/Build/Intermediates.noindex/StillMe.build/Debug-iphonesimulator/StillMeTests.build/StillMeTests-project-headers.hmap (in target 'StillMeTests' from project 'StillMe')
    cd /Users/runner/work/doomcon/doomcon/stillme/ios
    write-file /Users/runner/work/doomcon/doomcon/stillme/ios/build/Build/Intermediates.noindex/StillMe.build/Debug-iphonesimulator/StillMeTests.build/StillMeTests-project-headers.hmap

WriteAuxiliaryFile /Users/runner/work/doomcon/doomcon/stillme/ios/build/Build/Intermediates.noindex/StillMe.build/Debug-iphonesimulator/StillMeTests.build/StillMeTests-own-target-headers.hmap (in target 'StillMeTests' from project 'StillMe')
    cd /Users/runner/work/doomcon/doomcon/stillme/ios
    write-file /Users/runner/work/doomcon/doomcon/stillme/ios/build/Build/Intermediates.noindex/StillMe.build/Debug-iphonesimulator/StillMeTests.build/StillMeTests-own-target-headers.hmap

WriteAuxiliaryFile /Users/runner/work/doomcon/doomcon/stillme/ios/build/Build/Intermediates.noindex/StillMe.build/Debug-iphonesimulator/StillMeTests.build/StillMeTests-generated-files.hmap (in target 'StillMeTests' from project 'StillMe')
    cd /Users/runner/work/doomcon/doomcon/stillme/ios
    write-file /Users/runner/work/doomcon/doomcon/stillme/ios/build/Build/Intermediates.noindex/StillMe.build/Debug-iphonesimulator/StillMeTests.build/StillMeTests-generated-files.hmap

WriteAuxiliaryFile /Users/runner/work/doomcon/doomcon/stillme/ios/build/Build/Intermediates.noindex/StillMe.build/Debug-iphonesimulator/StillMeTests.build/StillMeTests-all-target-headers.hmap (in target 'StillMeTests' from project 'StillMe')
    cd /Users/runner/work/doomcon/doomcon/stillme/ios
    write-file /Users/runner/work/doomcon/doomcon/stillme/ios/build/Build/Intermediates.noindex/StillMe.build/Debug-iphonesimulator/StillMeTests.build/StillMeTests-all-target-headers.hmap

WriteAuxiliaryFile /Users/runner/work/doomcon/doomcon/stillme/ios/build/Build/Intermediates.noindex/StillMe.build/Debug-iphonesimulator/StillMeTests.build/StillMeTests-all-non-framework-target-headers.hmap (in target 'StillMeTests' from project 'StillMe')
    cd /Users/runner/work/doomcon/doomcon/stillme/ios
    write-file /Users/runner/work/doomcon/doomcon/stillme/ios/build/Build/Intermediates.noindex/StillMe.build/Debug-iphonesimulator/StillMeTests.build/StillMeTests-all-non-framework-target-headers.hmap

WriteAuxiliaryFile /Users/runner/work/doomcon/doomcon/stillme/ios/build/Build/Intermediates.noindex/StillMe.build/Debug-iphonesimulator/StillMeTests.build/Objects-normal/arm64/StillMeTests_const_extract_protocols.json (in target 'StillMeTests' from project 'StillMe')
    cd /Users/runner/work/doomcon/doomcon/stillme/ios
    write-file /Users/runner/work/doomcon/doomcon/stillme/ios/build/Build/Intermediates.noindex/StillMe.build/Debug-iphonesimulator/StillMeTests.build/Objects-normal/arm64/StillMeTests_const_extract_protocols.json

WriteAuxiliaryFile /Users/runner/work/doomcon/doomcon/stillme/ios/build/Build/Intermediates.noindex/StillMe.build/Debug-iphonesimulator/StillMeTests.build/Objects-normal/arm64/StillMeTests.SwiftFileList (in target 'StillMeTests' from project 'StillMe')
    cd /Users/runner/work/doomcon/doomcon/stillme/ios
    write-file /Users/runner/work/doomcon/doomcon/stillme/ios/build/Build/Intermediates.noindex/StillMe.build/Debug-iphonesimulator/StillMeTests.build/Objects-normal/arm64/StillMeTests.SwiftFileList

WriteAuxiliaryFile /Users/runner/work/doomcon/doomcon/stillme/ios/build/Build/Intermediates.noindex/StillMe.build/Debug-iphonesimulator/StillMeTests.build/Objects-normal/arm64/StillMeTests.SwiftConstValuesFileList (in target 'StillMeTests' from project 'StillMe')
    cd /Users/runner/work/doomcon/doomcon/stillme/ios
    write-file /Users/runner/work/doomcon/doomcon/stillme/ios/build/Build/Intermediates.noindex/StillMe.build/Debug-iphonesimulator/StillMeTests.build/Objects-normal/arm64/StillMeTests.SwiftConstValuesFileList

WriteAuxiliaryFile /Users/runner/work/doomcon/doomcon/stillme/ios/build/Build/Intermediates.noindex/StillMe.build/Debug-iphonesimulator/StillMeTests.build/Objects-normal/arm64/StillMeTests.LinkFileList (in target 'StillMeTests' from project 'StillMe')
    cd /Users/runner/work/doomcon/doomcon/stillme/ios
    write-file /Users/runner/work/doomcon/doomcon/stillme/ios/build/Build/Intermediates.noindex/StillMe.build/Debug-iphonesimulator/StillMeTests.build/Objects-normal/arm64/StillMeTests.LinkFileList

WriteAuxiliaryFile /Users/runner/work/doomcon/doomcon/stillme/ios/build/Build/Intermediates.noindex/StillMe.build/Debug-iphonesimulator/StillMeTests.build/Objects-normal/arm64/StillMeTests-OutputFileMap.json (in target 'StillMeTests' from project 'StillMe')
    cd /Users/runner/work/doomcon/doomcon/stillme/ios
    write-file /Users/runner/work/doomcon/doomcon/stillme/ios/build/Build/Intermediates.noindex/StillMe.build/Debug-iphonesimulator/StillMeTests.build/Objects-normal/arm64/StillMeTests-OutputFileMap.json

MkDir /Users/runner/work/doomcon/doomcon/stillme/ios/build/Build/Products/Debug-iphonesimulator/StillMe.app/PlugIns/StillMeTests.xctest (in target 'StillMeTests' from project 'StillMe')
    cd /Users/runner/work/doomcon/doomcon/stillme/ios
    /bin/mkdir -p /Users/runner/work/doomcon/doomcon/stillme/ios/build/Build/Products/Debug-iphonesimulator/StillMe.app/PlugIns/StillMeTests.xctest

MkDir /Users/runner/work/doomcon/doomcon/stillme/ios/build/Build/Products/Debug-iphonesimulator/StillMe.app/PlugIns (in target 'StillMe' from project 'StillMe')
    cd /Users/runner/work/doomcon/doomcon/stillme/ios
    /bin/mkdir -p /Users/runner/work/doomcon/doomcon/stillme/ios/build/Build/Products/Debug-iphonesimulator/StillMe.app/PlugIns

MkDir /Users/runner/work/doomcon/doomcon/stillme/ios/build/Build/Products/Debug-iphonesimulator/StillMe.app/Frameworks (in target 'StillMe' from project 'StillMe')
    cd /Users/runner/work/doomcon/doomcon/stillme/ios
    /bin/mkdir -p /Users/runner/work/doomcon/doomcon/stillme/ios/build/Build/Products/Debug-iphonesimulator/StillMe.app/Frameworks

Copy /Users/runner/work/doomcon/doomcon/stillme/ios/build/Build/Products/Debug-iphonesimulator/StillMe.app/Frameworks/libXCTestSwiftSupport.dylib /Applications/Xcode_26.6.app/Contents/Developer/Platforms/iPhoneSimulator.platform/Developer/usr/lib/libXCTestSwiftSupport.dylib (in target 'StillMe' from project 'StillMe')
    cd /Users/runner/work/doomcon/doomcon/stillme/ios
    builtin-copy -exclude .DS_Store -exclude CVS -exclude .svn -exclude .git -exclude .hg -exclude Headers -exclude PrivateHeaders -exclude Modules -exclude \*.tbd -resolve-src-symlinks /Applications/Xcode_26.6.app/Contents/Developer/Platforms/iPhoneSimulator.platform/Developer/usr/lib/libXCTestSwiftSupport.dylib /Users/runner/work/doomcon/doomcon/stillme/ios/build/Build/Products/Debug-iphonesimulator/StillMe.app/Frameworks

Copy /Users/runner/work/doomcon/doomcon/stillme/ios/build/Build/Products/Debug-iphonesimulator/StillMe.app/Frameworks/libXCTestBundleInject.dylib /Applications/Xcode_26.6.app/Contents/Developer/Platforms/iPhoneSimulator.platform/Developer/usr/lib/libXCTestBundleInject.dylib (in target 'StillMe' from project 'StillMe')
    cd /Users/runner/work/doomcon/doomcon/stillme/ios
    builtin-copy -exclude .DS_Store -exclude CVS -exclude .svn -exclude .git -exclude .hg -exclude Headers -exclude PrivateHeaders -exclude Modules -exclude \*.tbd -resolve-src-symlinks /Applications/Xcode_26.6.app/Contents/Developer/Platforms/iPhoneSimulator.platform/Developer/usr/lib/libXCTestBundleInject.dylib /Users/runner/work/doomcon/doomcon/stillme/ios/build/Build/Products/Debug-iphonesimulator/StillMe.app/Frameworks

Copy /Users/runner/work/doomcon/doomcon/stillme/ios/build/Build/Products/Debug-iphonesimulator/StillMe.app/Frameworks/XCUnit.framework /Applications/Xcode_26.6.app/Contents/Developer/Platforms/iPhoneSimulator.platform/Developer/Library/PrivateFrameworks/XCUnit.framework (in target 'StillMe' from project 'StillMe')
    cd /Users/runner/work/doomcon/doomcon/stillme/ios
    builtin-copy -exclude .DS_Store -exclude CVS -exclude .svn -exclude .git -exclude .hg -exclude Headers -exclude PrivateHeaders -exclude Modules -exclude \*.tbd -resolve-src-symlinks /Applications/Xcode_26.6.app/Contents/Developer/Platforms/iPhoneSimulator.platform/Developer/Library/PrivateFrameworks/XCUnit.framework /Users/runner/work/doomcon/doomcon/stillme/ios/build/Build/Products/Debug-iphonesimulator/StillMe.app/Frameworks

Copy /Users/runner/work/doomcon/doomcon/stillme/ios/build/Build/Products/Debug-iphonesimulator/StillMe.app/Frameworks/XCUIAutomation.framework /Applications/Xcode_26.6.app/Contents/Developer/Platforms/iPhoneSimulator.platform/Developer/Library/Frameworks/XCUIAutomation.framework (in target 'StillMe' from project 'StillMe')
    cd /Users/runner/work/doomcon/doomcon/stillme/ios
    builtin-copy -exclude .DS_Store -exclude CVS -exclude .svn -exclude .git -exclude .hg -exclude Headers -exclude PrivateHeaders -exclude Modules -exclude \*.tbd -resolve-src-symlinks /Applications/Xcode_26.6.app/Contents/Developer/Platforms/iPhoneSimulator.platform/Developer/Library/Frameworks/XCUIAutomation.framework /Users/runner/work/doomcon/doomcon/stillme/ios/build/Build/Products/Debug-iphonesimulator/StillMe.app/Frameworks

Copy /Users/runner/work/doomcon/doomcon/stillme/ios/build/Build/Products/Debug-iphonesimulator/StillMe.app/Frameworks/XCTestSupport.framework /Applications/Xcode_26.6.app/Contents/Developer/Platforms/iPhoneSimulator.platform/Developer/Library/PrivateFrameworks/XCTestSupport.framework (in target 'StillMe' from project 'StillMe')
    cd /Users/runner/work/doomcon/doomcon/stillme/ios
    builtin-copy -exclude .DS_Store -exclude CVS -exclude .svn -exclude .git -exclude .hg -exclude Headers -exclude PrivateHeaders -exclude Modules -exclude \*.tbd -resolve-src-symlinks /Applications/Xcode_26.6.app/Contents/Developer/Platforms/iPhoneSimulator.platform/Developer/Library/PrivateFrameworks/XCTestSupport.framework /Users/runner/work/doomcon/doomcon/stillme/ios/build/Build/Products/Debug-iphonesimulator/StillMe.app/Frameworks

Copy /Users/runner/work/doomcon/doomcon/stillme/ios/build/Build/Products/Debug-iphonesimulator/StillMe.app/Frameworks/XCTestCore.framework /Applications/Xcode_26.6.app/Contents/Developer/Platforms/iPhoneSimulator.platform/Developer/Library/PrivateFrameworks/XCTestCore.framework (in target 'StillMe' from project 'StillMe')
    cd /Users/runner/work/doomcon/doomcon/stillme/ios
    builtin-copy -exclude .DS_Store -exclude CVS -exclude .svn -exclude .git -exclude .hg -exclude Headers -exclude PrivateHeaders -exclude Modules -exclude \*.tbd -resolve-src-symlinks /Applications/Xcode_26.6.app/Contents/Developer/Platforms/iPhoneSimulator.platform/Developer/Library/PrivateFrameworks/XCTestCore.framework /Users/runner/work/doomcon/doomcon/stillme/ios/build/Build/Products/Debug-iphonesimulator/StillMe.app/Frameworks

Copy /Users/runner/work/doomcon/doomcon/stillme/ios/build/Build/Products/Debug-iphonesimulator/StillMe.app/Frameworks/XCTest.framework /Applications/Xcode_26.6.app/Contents/Developer/Platforms/iPhoneSimulator.platform/Developer/Library/Frameworks/XCTest.framework (in target 'StillMe' from project 'StillMe')
    cd /Users/runner/work/doomcon/doomcon/stillme/ios
    builtin-copy -exclude .DS_Store -exclude CVS -exclude .svn -exclude .git -exclude .hg -exclude Headers -exclude PrivateHeaders -exclude Modules -exclude \*.tbd -resolve-src-symlinks /Applications/Xcode_26.6.app/Contents/Developer/Platforms/iPhoneSimulator.platform/Developer/Library/Frameworks/XCTest.framework /Users/runner/work/doomcon/doomcon/stillme/ios/build/Build/Products/Debug-iphonesimulator/StillMe.app/Frameworks

Copy /Users/runner/work/doomcon/doomcon/stillme/ios/build/Build/Products/Debug-iphonesimulator/StillMe.app/Frameworks/XCTAutomationSupport.framework /Applications/Xcode_26.6.app/Contents/Developer/Platforms/iPhoneSimulator.platform/Developer/Library/PrivateFrameworks/XCTAutomationSupport.framework (in target 'StillMe' from project 'StillMe')
    cd /Users/runner/work/doomcon/doomcon/stillme/ios
    builtin-copy -exclude .DS_Store -exclude CVS -exclude .svn -exclude .git -exclude .hg -exclude Headers -exclude PrivateHeaders -exclude Modules -exclude \*.tbd -resolve-src-symlinks /Applications/Xcode_26.6.app/Contents/Developer/Platforms/iPhoneSimulator.platform/Developer/Library/PrivateFrameworks/XCTAutomationSupport.framework /Users/runner/work/doomcon/doomcon/stillme/ios/build/Build/Products/Debug-iphonesimulator/StillMe.app/Frameworks

Copy /Users/runner/work/doomcon/doomcon/stillme/ios/build/Build/Products/Debug-iphonesimulator/StillMe.app/Frameworks/Testing.framework /Applications/Xcode_26.6.app/Contents/Developer/Platforms/iPhoneSimulator.platform/Developer/Library/Frameworks/Testing.framework (in target 'StillMe' from project 'StillMe')
    cd /Users/runner/work/doomcon/doomcon/stillme/ios
    builtin-copy -exclude .DS_Store -exclude CVS -exclude .svn -exclude .git -exclude .hg -exclude Headers -exclude PrivateHeaders -exclude Modules -exclude \*.tbd -resolve-src-symlinks /Applications/Xcode_26.6.app/Contents/Developer/Platforms/iPhoneSimulator.platform/Developer/Library/Frameworks/Testing.framework /Users/runner/work/doomcon/doomcon/stillme/ios/build/Build/Products/Debug-iphonesimulator/StillMe.app/Frameworks

ProcessInfoPlistFile /Users/runner/work/doomcon/doomcon/stillme/ios/build/Build/Products/Debug-iphonesimulator/StillMe.app/Info.plist /Users/runner/work/doomcon/doomcon/stillme/ios/StillMe/Info.plist (in target 'StillMe' from project 'StillMe')
    cd /Users/runner/work/doomcon/doomcon/stillme/ios
    builtin-infoPlistUtility /Users/runner/work/doomcon/doomcon/stillme/ios/StillMe/Info.plist -producttype com.apple.product-type.application -genpkginfo /Users/runner/work/doomcon/doomcon/stillme/ios/build/Build/Products/Debug-iphonesimulator/StillMe.app/PkgInfo -expandbuildsettings -format binary -platform iphonesimulator -additionalcontentfile /Users/runner/work/doomcon/doomcon/stillme/ios/build/Build/Intermediates.noindex/StillMe.build/Debug-iphonesimulator/StillMe.build/assetcatalog_generated_info.plist -o /Users/runner/work/doomcon/doomcon/stillme/ios/build/Build/Products/Debug-iphonesimulator/StillMe.app/Info.plist

CopySwiftLibs /Users/runner/work/doomcon/doomcon/stillme/ios/build/Build/Products/Debug-iphonesimulator/StillMe.app (in target 'StillMe' from project 'StillMe')
    cd /Users/runner/work/doomcon/doomcon/stillme/ios
    builtin-swiftStdLibTool --copy --verbose --scan-executable /Users/runner/work/doomcon/doomcon/stillme/ios/build/Build/Products/Debug-iphonesimulator/StillMe.app/StillMe.debug.dylib --scan-folder /Users/runner/work/doomcon/doomcon/stillme/ios/build/Build/Products/Debug-iphonesimulator/StillMe.app/Frameworks --scan-folder /Users/runner/work/doomcon/doomcon/stillme/ios/build/Build/Products/Debug-iphonesimulator/StillMe.app/PlugIns --scan-folder /Users/runner/work/doomcon/doomcon/stillme/ios/build/Build/Products/Debug-iphonesimulator/StillMe.app/SystemExtensions --scan-folder /Users/runner/work/doomcon/doomcon/stillme/ios/build/Build/Products/Debug-iphonesimulator/StillMe.app/Extensions --platform iphonesimulator --toolchain /var/run/com.apple.security.cryptexd/mnt/com.apple.MobileAsset.MetalToolchain-v17.6.109.0.f7SxGp/Metal.xctoolchain --toolchain /Applications/Xcode_26.6.app/Contents/Developer/Toolchains/XcodeDefault.xctoolchain --destination /Users/runner/work/doomcon/doomcon/stillme/ios/build/Build/Products/Debug-iphonesimulator/StillMe.app/Frameworks --strip-bitcode --strip-bitcode-tool /Applications/Xcode_26.6.app/Contents/Developer/Toolchains/XcodeDefault.xctoolchain/usr/bin/bitcode_strip --emit-dependency-info /Users/runner/work/doomcon/doomcon/stillme/ios/build/Build/Intermediates.noindex/StillMe.build/Debug-iphonesimulator/StillMe.build/SwiftStdLibToolInputDependencies.dep --filter-for-swift-os
Ignoring --strip-bitcode because --sign was not passed

SwiftDriver StillMeTests normal arm64 com.apple.xcode.tools.swift.compiler (in target 'StillMeTests' from project 'StillMe')
    cd /Users/runner/work/doomcon/doomcon/stillme/ios
    builtin-SwiftDriver -- /Applications/Xcode_26.6.app/Contents/Developer/Toolchains/XcodeDefault.xctoolchain/usr/bin/swiftc -module-name StillMeTests -Onone @/Users/runner/work/doomcon/doomcon/stillme/ios/build/Build/Intermediates.noindex/StillMe.build/Debug-iphonesimulator/StillMeTests.build/Objects-normal/arm64/StillMeTests.SwiftFileList -DDEBUG -plugin-path /Applications/Xcode_26.6.app/Contents/Developer/Toolchains/XcodeDefault.xctoolchain/usr/lib/swift/host/plugins/testing -enable-bare-slash-regex -enable-experimental-feature DebugDescriptionMacro -sdk /Applications/Xcode_26.6.app/Contents/Developer/Platforms/iPhoneSimulator.platform/Developer/SDKs/iPhoneSimulator26.5.sdk -target arm64-apple-ios26.0-simulator -g -module-cache-path /Users/runner/work/doomcon/doomcon/stillme/ios/build/ModuleCache.noindex -Xfrontend -serialize-debugging-options -enable-testing -index-store-path /Users/runner/work/doomcon/doomcon/stillme/ios/build/Index.noindex/DataStore -Xcc -D_LIBCPP_HARDENING_MODE\=_LIBCPP_HARDENING_MODE_DEBUG -swift-version 5 -I /Users/runner/work/doomcon/doomcon/stillme/ios/build/Build/Products/Debug-iphonesimulator -Isystem /Applications/Xcode_26.6.app/Contents/Developer/Platforms/iPhoneSimulator.platform/Developer/usr/lib -F /Users/runner/work/doomcon/doomcon/stillme/ios/build/Build/Products/Debug-iphonesimulator -F /Applications/Xcode_26.6.app/Contents/Developer/Platforms/iPhoneSimulator.platform/Developer/Library/Frameworks -F /Applications/Xcode_26.6.app/Contents/Developer/Platforms/iPhoneSimulator.platform/Developer/SDKs/iPhoneSimulator26.5.sdk/Developer/Library/Frameworks -parse-as-library -c -j3 -enable-batch-mode -incremental -Xcc -ivfsstatcache -Xcc /Users/runner/work/doomcon/doomcon/stillme/ios/build/SDKStatCaches.noindex/iphonesimulator26.5-23F81a-688ef53f1462e2c8f657fdc38a81448ff45c64a1807a658693f2a61704f17a36.sdkstatcache -output-file-map /Users/runner/work/doomcon/doomcon/stillme/ios/build/Build/Intermediates.noindex/StillMe.build/Debug-iphonesimulator/StillMeTests.build/Objects-normal/arm64/StillMeTests-OutputFileMap.json -use-frontend-parseable-output -save-temps -no-color-diagnostics -explicit-module-build -module-cache-path /Users/runner/work/doomcon/doomcon/stillme/ios/build/Build/Intermediates.noindex/SwiftExplicitPrecompiledModules -clang-scanner-module-cache-path /Users/runner/work/doomcon/doomcon/stillme/ios/build/ModuleCache.noindex -sdk-module-cache-path /Users/runner/work/doomcon/doomcon/stillme/ios/build/ModuleCache.noindex -serialize-diagnostics -emit-dependencies -emit-module -emit-module-path /Users/runner/work/doomcon/doomcon/stillme/ios/build/Build/Intermediates.noindex/StillMe.build/Debug-iphonesimulator/StillMeTests.build/Objects-normal/arm64/StillMeTests.swiftmodule -validate-clang-modules-once -clang-build-session-file /Users/runner/work/doomcon/doomcon/stillme/ios/build/ModuleCache.noindex/Session.modulevalidation -Xcc -I/Users/runner/work/doomcon/doomcon/stillme/ios/build/Build/Intermediates.noindex/StillMe.build/Debug-iphonesimulator/StillMeTests.build/swift-overrides.hmap -emit-const-values -Xfrontend -const-gather-protocols-file -Xfrontend /Users/runner/work/doomcon/doomcon/stillme/ios/build/Build/Intermediates.noindex/StillMe.build/Debug-iphonesimulator/StillMeTests.build/Objects-normal/arm64/StillMeTests_const_extract_protocols.json -Xcc -iquote -Xcc /Users/runner/work/doomcon/doomcon/stillme/ios/build/Build/Intermediates.noindex/StillMe.build/Debug-iphonesimulator/StillMeTests.build/StillMeTests-generated-files.hmap -Xcc -I/Users/runner/work/doomcon/doomcon/stillme/ios/build/Build/Intermediates.noindex/StillMe.build/Debug-iphonesimulator/StillMeTests.build/StillMeTests-own-target-headers.hmap -Xcc -I/Users/runner/work/doomcon/doomcon/stillme/ios/build/Build/Intermediates.noindex/StillMe.build/Debug-iphonesimulator/StillMeTests.build/StillMeTests-all-target-headers.hmap -Xcc -iquote -Xcc /Users/runner/work/doomcon/doomcon/stillme/ios/build/Build/Intermediates.noindex/StillMe.build/Debug-iphonesimulator/StillMeTests.build/StillMeTests-project-headers.hmap -Xcc -I/Users/runner/work/doomcon/doomcon/stillme/ios/build/Build/Products/Debug-iphonesimulator/include -Xcc -I/Users/runner/work/doomcon/doomcon/stillme/ios/build/Build/Intermediates.noindex/StillMe.build/Debug-iphonesimulator/StillMeTests.build/DerivedSources-normal/arm64 -Xcc -I/Users/runner/work/doomcon/doomcon/stillme/ios/build/Build/Intermediates.noindex/StillMe.build/Debug-iphonesimulator/StillMeTests.build/DerivedSources/arm64 -Xcc -I/Users/runner/work/doomcon/doomcon/stillme/ios/build/Build/Intermediates.noindex/StillMe.build/Debug-iphonesimulator/StillMeTests.build/DerivedSources -Xcc -DDEBUG\=1 -emit-objc-header -emit-objc-header-path /Users/runner/work/doomcon/doomcon/stillme/ios/build/Build/Intermediates.noindex/StillMe.build/Debug-iphonesimulator/StillMeTests.build/Objects-normal/arm64/StillMeTests-Swift.h -working-directory /Users/runner/work/doomcon/doomcon/stillme/ios -experimental-emit-module-separately -disable-cmo

ProcessInfoPlistFile /Users/runner/work/doomcon/doomcon/stillme/ios/build/Build/Products/Debug-iphonesimulator/StillMe.app/PlugIns/StillMeTests.xctest/Info.plist /Users/runner/work/doomcon/doomcon/stillme/ios/build/Build/Intermediates.noindex/StillMe.build/Debug-iphonesimulator/StillMeTests.build/empty-StillMeTests.plist (in target 'StillMeTests' from project 'StillMe')
    cd /Users/runner/work/doomcon/doomcon/stillme/ios
    builtin-infoPlistUtility /Users/runner/work/doomcon/doomcon/stillme/ios/build/Build/Intermediates.noindex/StillMe.build/Debug-iphonesimulator/StillMeTests.build/empty-StillMeTests.plist -producttype com.apple.product-type.bundle.unit-test -expandbuildsettings -format binary -platform iphonesimulator -o /Users/runner/work/doomcon/doomcon/stillme/ios/build/Build/Products/Debug-iphonesimulator/StillMe.app/PlugIns/StillMeTests.xctest/Info.plist

SwiftExplicitDependencyGeneratePcm arm64 /Users/runner/work/doomcon/doomcon/stillme/ios/build/Build/Intermediates.noindex/SwiftExplicitPrecompiledModules/XCUIAutomation-BZ0YX4XX2FBOXPYEQAMH67N3T.pcm

SwiftExplicitDependencyCompileModuleFromInterface arm64 /Users/runner/work/doomcon/doomcon/stillme/ios/build/Build/Intermediates.noindex/SwiftExplicitPrecompiledModules/XCUIAutomation-2R784J286VIE8.swiftmodule

SwiftExplicitDependencyGeneratePcm arm64 /Users/runner/work/doomcon/doomcon/stillme/ios/build/Build/Intermediates.noindex/SwiftExplicitPrecompiledModules/XCTest-EVXVXQU36XQXUZR86NM0YYCOE.pcm

SwiftExplicitDependencyCompileModuleFromInterface arm64 /Users/runner/work/doomcon/doomcon/stillme/ios/build/Build/Intermediates.noindex/SwiftExplicitPrecompiledModules/XCTest-1CM5FEYM1FJFF.swiftmodule

SwiftEmitModule normal arm64 Emitting\ module\ for\ StillMeTests (in target 'StillMeTests' from project 'StillMe')

SwiftCompile normal arm64 /Users/runner/work/doomcon/doomcon/stillme/ios/StillMeTests/LegacySealTests.swift (in target 'StillMeTests' from project 'StillMe')
    cd /Users/runner/work/doomcon/doomcon/stillme/ios
    

SwiftCompile normal arm64 Compiling\ LegacySealTests.swift /Users/runner/work/doomcon/doomcon/stillme/ios/StillMeTests/LegacySealTests.swift (in target 'StillMeTests' from project 'StillMe')
SwiftCompile normal arm64 /Users/runner/work/doomcon/doomcon/stillme/ios/StillMeTests/LegacySealTests.swift (in target 'StillMeTests' from project 'StillMe')
    cd /Users/runner/work/doomcon/doomcon/stillme/ios
    

SwiftDriverJobDiscovery normal arm64 Emitting module for StillMeTests (in target 'StillMeTests' from project 'StillMe')

SwiftDriver\ Compilation\ Requirements StillMeTests normal arm64 com.apple.xcode.tools.swift.compiler (in target 'StillMeTests' from project 'StillMe')
    cd /Users/runner/work/doomcon/doomcon/stillme/ios
    builtin-Swift-Compilation-Requirements -- /Applications/Xcode_26.6.app/Contents/Developer/Toolchains/XcodeDefault.xctoolchain/usr/bin/swiftc -module-name StillMeTests -Onone @/Users/runner/work/doomcon/doomcon/stillme/ios/build/Build/Intermediates.noindex/StillMe.build/Debug-iphonesimulator/StillMeTests.build/Objects-normal/arm64/StillMeTests.SwiftFileList -DDEBUG -plugin-path /Applications/Xcode_26.6.app/Contents/Developer/Toolchains/XcodeDefault.xctoolchain/usr/lib/swift/host/plugins/testing -enable-bare-slash-regex -enable-experimental-feature DebugDescriptionMacro -sdk /Applications/Xcode_26.6.app/Contents/Developer/Platforms/iPhoneSimulator.platform/Developer/SDKs/iPhoneSimulator26.5.sdk -target arm64-apple-ios26.0-simulator -g -module-cache-path /Users/runner/work/doomcon/doomcon/stillme/ios/build/ModuleCache.noindex -Xfrontend -serialize-debugging-options -enable-testing -index-store-path /Users/runner/work/doomcon/doomcon/stillme/ios/build/Index.noindex/DataStore -Xcc -D_LIBCPP_HARDENING_MODE\=_LIBCPP_HARDENING_MODE_DEBUG -swift-version 5 -I /Users/runner/work/doomcon/doomcon/stillme/ios/build/Build/Products/Debug-iphonesimulator -Isystem /Applications/Xcode_26.6.app/Contents/Developer/Platforms/iPhoneSimulator.platform/Developer/usr/lib -F /Users/runner/work/doomcon/doomcon/stillme/ios/build/Build/Products/Debug-iphonesimulator -F /Applications/Xcode_26.6.app/Contents/Developer/Platforms/iPhoneSimulator.platform/Developer/Library/Frameworks -F /Applications/Xcode_26.6.app/Contents/Developer/Platforms/iPhoneSimulator.platform/Developer/SDKs/iPhoneSimulator26.5.sdk/Developer/Library/Frameworks -parse-as-library -c -j3 -enable-batch-mode -incremental -Xcc -ivfsstatcache -Xcc /Users/runner/work/doomcon/doomcon/stillme/ios/build/SDKStatCaches.noindex/iphonesimulator26.5-23F81a-688ef53f1462e2c8f657fdc38a81448ff45c64a1807a658693f2a61704f17a36.sdkstatcache -output-file-map /Users/runner/work/doomcon/doomcon/stillme/ios/build/Build/Intermediates.noindex/StillMe.build/Debug-iphonesimulator/StillMeTests.build/Objects-normal/arm64/StillMeTests-OutputFileMap.json -use-frontend-parseable-output -save-temps -no-color-diagnostics -explicit-module-build -module-cache-path /Users/runner/work/doomcon/doomcon/stillme/ios/build/Build/Intermediates.noindex/SwiftExplicitPrecompiledModules -clang-scanner-module-cache-path /Users/runner/work/doomcon/doomcon/stillme/ios/build/ModuleCache.noindex -sdk-module-cache-path /Users/runner/work/doomcon/doomcon/stillme/ios/build/ModuleCache.noindex -serialize-diagnostics -emit-dependencies -emit-module -emit-module-path /Users/runner/work/doomcon/doomcon/stillme/ios/build/Build/Intermediates.noindex/StillMe.build/Debug-iphonesimulator/StillMeTests.build/Objects-normal/arm64/StillMeTests.swiftmodule -validate-clang-modules-once -clang-build-session-file /Users/runner/work/doomcon/doomcon/stillme/ios/build/ModuleCache.noindex/Session.modulevalidation -Xcc -I/Users/runner/work/doomcon/doomcon/stillme/ios/build/Build/Intermediates.noindex/StillMe.build/Debug-iphonesimulator/StillMeTests.build/swift-overrides.hmap -emit-const-values -Xfrontend -const-gather-protocols-file -Xfrontend /Users/runner/work/doomcon/doomcon/stillme/ios/build/Build/Intermediates.noindex/StillMe.build/Debug-iphonesimulator/StillMeTests.build/Objects-normal/arm64/StillMeTests_const_extract_protocols.json -Xcc -iquote -Xcc /Users/runner/work/doomcon/doomcon/stillme/ios/build/Build/Intermediates.noindex/StillMe.build/Debug-iphonesimulator/StillMeTests.build/StillMeTests-generated-files.hmap -Xcc -I/Users/runner/work/doomcon/doomcon/stillme/ios/build/Build/Intermediates.noindex/StillMe.build/Debug-iphonesimulator/StillMeTests.build/StillMeTests-own-target-headers.hmap -Xcc -I/Users/runner/work/doomcon/doomcon/stillme/ios/build/Build/Intermediates.noindex/StillMe.build/Debug-iphonesimulator/StillMeTests.build/StillMeTests-all-target-headers.hmap -Xcc -iquote -Xcc /Users/runner/work/doomcon/doomcon/stillme/ios/build/Build/Intermediates.noindex/StillMe.build/Debug-iphonesimulator/StillMeTests.build/StillMeTests-project-headers.hmap -Xcc -I/Users/runner/work/doomcon/doomcon/stillme/ios/build/Build/Products/Debug-iphonesimulator/include -Xcc -I/Users/runner/work/doomcon/doomcon/stillme/ios/build/Build/Intermediates.noindex/StillMe.build/Debug-iphonesimulator/StillMeTests.build/DerivedSources-normal/arm64 -Xcc -I/Users/runner/work/doomcon/doomcon/stillme/ios/build/Build/Intermediates.noindex/StillMe.build/Debug-iphonesimulator/StillMeTests.build/DerivedSources/arm64 -Xcc -I/Users/runner/work/doomcon/doomcon/stillme/ios/build/Build/Intermediates.noindex/StillMe.build/Debug-iphonesimulator/StillMeTests.build/DerivedSources -Xcc -DDEBUG\=1 -emit-objc-header -emit-objc-header-path /Users/runner/work/doomcon/doomcon/stillme/ios/build/Build/Intermediates.noindex/StillMe.build/Debug-iphonesimulator/StillMeTests.build/Objects-normal/arm64/StillMeTests-Swift.h -working-directory /Users/runner/work/doomcon/doomcon/stillme/ios -experimental-emit-module-separately -disable-cmo

SwiftMergeGeneratedHeaders /Users/runner/work/doomcon/doomcon/stillme/ios/build/Build/Intermediates.noindex/StillMe.build/Debug-iphonesimulator/StillMeTests.build/DerivedSources/StillMeTests-Swift.h /Users/runner/work/doomcon/doomcon/stillme/ios/build/Build/Intermediates.noindex/StillMe.build/Debug-iphonesimulator/StillMeTests.build/Objects-normal/arm64/StillMeTests-Swift.h (in target 'StillMeTests' from project 'StillMe')
    cd /Users/runner/work/doomcon/doomcon/stillme/ios
    builtin-swiftHeaderTool -arch arm64 /Users/runner/work/doomcon/doomcon/stillme/ios/build/Build/Intermediates.noindex/StillMe.build/Debug-iphonesimulator/StillMeTests.build/Objects-normal/arm64/StillMeTests-Swift.h -o /Users/runner/work/doomcon/doomcon/stillme/ios/build/Build/Intermediates.noindex/StillMe.build/Debug-iphonesimulator/StillMeTests.build/DerivedSources/StillMeTests-Swift.h

Copy /Users/runner/work/doomcon/doomcon/stillme/ios/build/Build/Products/Debug-iphonesimulator/StillMeTests.swiftmodule/arm64-apple-ios-simulator.swiftmodule /Users/runner/work/doomcon/doomcon/stillme/ios/build/Build/Intermediates.noindex/StillMe.build/Debug-iphonesimulator/StillMeTests.build/Objects-normal/arm64/StillMeTests.swiftmodule (in target 'StillMeTests' from project 'StillMe')
    cd /Users/runner/work/doomcon/doomcon/stillme/ios
    builtin-copy -exclude .DS_Store -exclude CVS -exclude .svn -exclude .git -exclude .hg -resolve-src-symlinks -rename /Users/runner/work/doomcon/doomcon/stillme/ios/build/Build/Intermediates.noindex/StillMe.build/Debug-iphonesimulator/StillMeTests.build/Objects-normal/arm64/StillMeTests.swiftmodule /Users/runner/work/doomcon/doomcon/stillme/ios/build/Build/Products/Debug-iphonesimulator/StillMeTests.swiftmodule/arm64-apple-ios-simulator.swiftmodule

Copy /Users/runner/work/doomcon/doomcon/stillme/ios/build/Build/Products/Debug-iphonesimulator/StillMeTests.swiftmodule/arm64-apple-ios-simulator.swiftdoc /Users/runner/work/doomcon/doomcon/stillme/ios/build/Build/Intermediates.noindex/StillMe.build/Debug-iphonesimulator/StillMeTests.build/Objects-normal/arm64/StillMeTests.swiftdoc (in target 'StillMeTests' from project 'StillMe')
    cd /Users/runner/work/doomcon/doomcon/stillme/ios
    builtin-copy -exclude .DS_Store -exclude CVS -exclude .svn -exclude .git -exclude .hg -resolve-src-symlinks -rename /Users/runner/work/doomcon/doomcon/stillme/ios/build/Build/Intermediates.noindex/StillMe.build/Debug-iphonesimulator/StillMeTests.build/Objects-normal/arm64/StillMeTests.swiftdoc /Users/runner/work/doomcon/doomcon/stillme/ios/build/Build/Products/Debug-iphonesimulator/StillMeTests.swiftmodule/arm64-apple-ios-simulator.swiftdoc

Copy /Users/runner/work/doomcon/doomcon/stillme/ios/build/Build/Products/Debug-iphonesimulator/StillMeTests.swiftmodule/arm64-apple-ios-simulator.abi.json /Users/runner/work/doomcon/doomcon/stillme/ios/build/Build/Intermediates.noindex/StillMe.build/Debug-iphonesimulator/StillMeTests.build/Objects-normal/arm64/StillMeTests.abi.json (in target 'StillMeTests' from project 'StillMe')
    cd /Users/runner/work/doomcon/doomcon/stillme/ios
    builtin-copy -exclude .DS_Store -exclude CVS -exclude .svn -exclude .git -exclude .hg -resolve-src-symlinks -rename /Users/runner/work/doomcon/doomcon/stillme/ios/build/Build/Intermediates.noindex/StillMe.build/Debug-iphonesimulator/StillMeTests.build/Objects-normal/arm64/StillMeTests.abi.json /Users/runner/work/doomcon/doomcon/stillme/ios/build/Build/Products/Debug-iphonesimulator/StillMeTests.swiftmodule/arm64-apple-ios-simulator.abi.json

Copy /Users/runner/work/doomcon/doomcon/stillme/ios/build/Build/Products/Debug-iphonesimulator/StillMeTests.swiftmodule/Project/arm64-apple-ios-simulator.swiftsourceinfo /Users/runner/work/doomcon/doomcon/stillme/ios/build/Build/Intermediates.noindex/StillMe.build/Debug-iphonesimulator/StillMeTests.build/Objects-normal/arm64/StillMeTests.swiftsourceinfo (in target 'StillMeTests' from project 'StillMe')
    cd /Users/runner/work/doomcon/doomcon/stillme/ios
    builtin-copy -exclude .DS_Store -exclude CVS -exclude .svn -exclude .git -exclude .hg -resolve-src-symlinks -rename /Users/runner/work/doomcon/doomcon/stillme/ios/build/Build/Intermediates.noindex/StillMe.build/Debug-iphonesimulator/StillMeTests.build/Objects-normal/arm64/StillMeTests.swiftsourceinfo /Users/runner/work/doomcon/doomcon/stillme/ios/build/Build/Products/Debug-iphonesimulator/StillMeTests.swiftmodule/Project/arm64-apple-ios-simulator.swiftsourceinfo

SwiftDriverJobDiscovery normal arm64 Compiling LegacySealTests.swift (in target 'StillMeTests' from project 'StillMe')

SwiftDriver\ Compilation StillMeTests normal arm64 com.apple.xcode.tools.swift.compiler (in target 'StillMeTests' from project 'StillMe')
    cd /Users/runner/work/doomcon/doomcon/stillme/ios
    builtin-Swift-Compilation -- /Applications/Xcode_26.6.app/Contents/Developer/Toolchains/XcodeDefault.xctoolchain/usr/bin/swiftc -module-name StillMeTests -Onone @/Users/runner/work/doomcon/doomcon/stillme/ios/build/Build/Intermediates.noindex/StillMe.build/Debug-iphonesimulator/StillMeTests.build/Objects-normal/arm64/StillMeTests.SwiftFileList -DDEBUG -plugin-path /Applications/Xcode_26.6.app/Contents/Developer/Toolchains/XcodeDefault.xctoolchain/usr/lib/swift/host/plugins/testing -enable-bare-slash-regex -enable-experimental-feature DebugDescriptionMacro -sdk /Applications/Xcode_26.6.app/Contents/Developer/Platforms/iPhoneSimulator.platform/Developer/SDKs/iPhoneSimulator26.5.sdk -target arm64-apple-ios26.0-simulator -g -module-cache-path /Users/runner/work/doomcon/doomcon/stillme/ios/build/ModuleCache.noindex -Xfrontend -serialize-debugging-options -enable-testing -index-store-path /Users/runner/work/doomcon/doomcon/stillme/ios/build/Index.noindex/DataStore -Xcc -D_LIBCPP_HARDENING_MODE\=_LIBCPP_HARDENING_MODE_DEBUG -swift-version 5 -I /Users/runner/work/doomcon/doomcon/stillme/ios/build/Build/Products/Debug-iphonesimulator -Isystem /Applications/Xcode_26.6.app/Contents/Developer/Platforms/iPhoneSimulator.platform/Developer/usr/lib -F /Users/runner/work/doomcon/doomcon/stillme/ios/build/Build/Products/Debug-iphonesimulator -F /Applications/Xcode_26.6.app/Contents/Developer/Platforms/iPhoneSimulator.platform/Developer/Library/Frameworks -F /Applications/Xcode_26.6.app/Contents/Developer/Platforms/iPhoneSimulator.platform/Developer/SDKs/iPhoneSimulator26.5.sdk/Developer/Library/Frameworks -parse-as-library -c -j3 -enable-batch-mode -incremental -Xcc -ivfsstatcache -Xcc /Users/runner/work/doomcon/doomcon/stillme/ios/build/SDKStatCaches.noindex/iphonesimulator26.5-23F81a-688ef53f1462e2c8f657fdc38a81448ff45c64a1807a658693f2a61704f17a36.sdkstatcache -output-file-map /Users/runner/work/doomcon/doomcon/stillme/ios/build/Build/Intermediates.noindex/StillMe.build/Debug-iphonesimulator/StillMeTests.build/Objects-normal/arm64/StillMeTests-OutputFileMap.json -use-frontend-parseable-output -save-temps -no-color-diagnostics -explicit-module-build -module-cache-path /Users/runner/work/doomcon/doomcon/stillme/ios/build/Build/Intermediates.noindex/SwiftExplicitPrecompiledModules -clang-scanner-module-cache-path /Users/runner/work/doomcon/doomcon/stillme/ios/build/ModuleCache.noindex -sdk-module-cache-path /Users/runner/work/doomcon/doomcon/stillme/ios/build/ModuleCache.noindex -serialize-diagnostics -emit-dependencies -emit-module -emit-module-path /Users/runner/work/doomcon/doomcon/stillme/ios/build/Build/Intermediates.noindex/StillMe.build/Debug-iphonesimulator/StillMeTests.build/Objects-normal/arm64/StillMeTests.swiftmodule -validate-clang-modules-once -clang-build-session-file /Users/runner/work/doomcon/doomcon/stillme/ios/build/ModuleCache.noindex/Session.modulevalidation -Xcc -I/Users/runner/work/doomcon/doomcon/stillme/ios/build/Build/Intermediates.noindex/StillMe.build/Debug-iphonesimulator/StillMeTests.build/swift-overrides.hmap -emit-const-values -Xfrontend -const-gather-protocols-file -Xfrontend /Users/runner/work/doomcon/doomcon/stillme/ios/build/Build/Intermediates.noindex/StillMe.build/Debug-iphonesimulator/StillMeTests.build/Objects-normal/arm64/StillMeTests_const_extract_protocols.json -Xcc -iquote -Xcc /Users/runner/work/doomcon/doomcon/stillme/ios/build/Build/Intermediates.noindex/StillMe.build/Debug-iphonesimulator/StillMeTests.build/StillMeTests-generated-files.hmap -Xcc -I/Users/runner/work/doomcon/doomcon/stillme/ios/build/Build/Intermediates.noindex/StillMe.build/Debug-iphonesimulator/StillMeTests.build/StillMeTests-own-target-headers.hmap -Xcc -I/Users/runner/work/doomcon/doomcon/stillme/ios/build/Build/Intermediates.noindex/StillMe.build/Debug-iphonesimulator/StillMeTests.build/StillMeTests-all-target-headers.hmap -Xcc -iquote -Xcc /Users/runner/work/doomcon/doomcon/stillme/ios/build/Build/Intermediates.noindex/StillMe.build/Debug-iphonesimulator/StillMeTests.build/StillMeTests-project-headers.hmap -Xcc -I/Users/runner/work/doomcon/doomcon/stillme/ios/build/Build/Products/Debug-iphonesimulator/include -Xcc -I/Users/runner/work/doomcon/doomcon/stillme/ios/build/Build/Intermediates.noindex/StillMe.build/Debug-iphonesimulator/StillMeTests.build/DerivedSources-normal/arm64 -Xcc -I/Users/runner/work/doomcon/doomcon/stillme/ios/build/Build/Intermediates.noindex/StillMe.build/Debug-iphonesimulator/StillMeTests.build/DerivedSources/arm64 -Xcc -I/Users/runner/work/doomcon/doomcon/stillme/ios/build/Build/Intermediates.noindex/StillMe.build/Debug-iphonesimulator/StillMeTests.build/DerivedSources -Xcc -DDEBUG\=1 -emit-objc-header -emit-objc-header-path /Users/runner/work/doomcon/doomcon/stillme/ios/build/Build/Intermediates.noindex/StillMe.build/Debug-iphonesimulator/StillMeTests.build/Objects-normal/arm64/StillMeTests-Swift.h -working-directory /Users/runner/work/doomcon/doomcon/stillme/ios -experimental-emit-module-separately -disable-cmo

Ld /Users/runner/work/doomcon/doomcon/stillme/ios/build/Build/Products/Debug-iphonesimulator/StillMe.app/PlugIns/StillMeTests.xctest/StillMeTests normal (in target 'StillMeTests' from project 'StillMe')
    cd /Users/runner/work/doomcon/doomcon/stillme/ios
    /Applications/Xcode_26.6.app/Contents/Developer/Toolchains/XcodeDefault.xctoolchain/usr/bin/clang -Xlinker -reproducible -target arm64-apple-ios26.0-simulator -bundle -isysroot /Applications/Xcode_26.6.app/Contents/Developer/Platforms/iPhoneSimulator.platform/Developer/SDKs/iPhoneSimulator26.5.sdk -O0 -L/Users/runner/work/doomcon/doomcon/stillme/ios/build/Build/Intermediates.noindex/EagerLinkingTBDs/Debug-iphonesimulator -L/Users/runner/work/doomcon/doomcon/stillme/ios/build/Build/Products/Debug-iphonesimulator -L/Applications/Xcode_26.6.app/Contents/Developer/Platforms/iPhoneSimulator.platform/Developer/usr/lib -F/Users/runner/work/doomcon/doomcon/stillme/ios/build/Build/Intermediates.noindex/EagerLinkingTBDs/Debug-iphonesimulator -F/Users/runner/work/doomcon/doomcon/stillme/ios/build/Build/Products/Debug-iphonesimulator -iframework /Applications/Xcode_26.6.app/Contents/Developer/Platforms/iPhoneSimulator.platform/Developer/Library/Frameworks -iframework /Applications/Xcode_26.6.app/Contents/Developer/Platforms/iPhoneSimulator.platform/Developer/SDKs/iPhoneSimulator26.5.sdk/Developer/Library/Frameworks -filelist /Users/runner/work/doomcon/doomcon/stillme/ios/build/Build/Intermediates.noindex/StillMe.build/Debug-iphonesimulator/StillMeTests.build/Objects-normal/arm64/StillMeTests.LinkFileList -Xlinker -rpath -Xlinker @loader_path/Frameworks -Xlinker -rpath -Xlinker @executable_path/Frameworks -Xlinker -dead_strip -bundle_loader /Users/runner/work/doomcon/doomcon/stillme/ios/build/Build/Products/Debug-iphonesimulator/StillMe.app/StillMe -Xlinker -object_path_lto -Xlinker /Users/runner/work/doomcon/doomcon/stillme/ios/build/Build/Intermediates.noindex/StillMe.build/Debug-iphonesimulator/StillMeTests.build/Objects-normal/arm64/StillMeTests_lto.o -rdynamic -Xlinker -no_deduplicate -Xlinker -objc_abi_version -Xlinker 2 -Xlinker -dependency_info -Xlinker /Users/runner/work/doomcon/doomcon/stillme/ios/build/Build/Intermediates.noindex/StillMe.build/Debug-iphonesimulator/StillMeTests.build/Objects-normal/arm64/StillMeTests_dependency_info.dat -fobjc-link-runtime -L/Applications/Xcode_26.6.app/Contents/Developer/Toolchains/XcodeDefault.xctoolchain/usr/lib/swift/iphonesimulator -L/usr/lib/swift -Xlinker -add_ast_path -Xlinker /Users/runner/work/doomcon/doomcon/stillme/ios/build/Build/Intermediates.noindex/StillMe.build/Debug-iphonesimulator/StillMeTests.build/Objects-normal/arm64/StillMeTests.swiftmodule @/Users/runner/work/doomcon/doomcon/stillme/ios/build/Build/Intermediates.noindex/StillMe.build/Debug-iphonesimulator/StillMeTests.build/Objects-normal/arm64/StillMeTests-linker-args.resp -Xlinker -needed_framework -Xlinker XCTest -framework XCTest -Xlinker -needed-lXCTestSwiftSupport -lXCTestSwiftSupport /Users/runner/work/doomcon/doomcon/stillme/ios/build/Build/Products/Debug-iphonesimulator/StillMe.app/StillMe.debug.dylib -o /Users/runner/work/doomcon/doomcon/stillme/ios/build/Build/Products/Debug-iphonesimulator/StillMe.app/PlugIns/StillMeTests.xctest/StillMeTests

CopySwiftLibs /Users/runner/work/doomcon/doomcon/stillme/ios/build/Build/Products/Debug-iphonesimulator/StillMe.app/PlugIns/StillMeTests.xctest (in target 'StillMeTests' from project 'StillMe')
    cd /Users/runner/work/doomcon/doomcon/stillme/ios
    builtin-swiftStdLibTool --copy --verbose --scan-executable /Users/runner/work/doomcon/doomcon/stillme/ios/build/Build/Products/Debug-iphonesimulator/StillMe.app/PlugIns/StillMeTests.xctest/StillMeTests --scan-folder /Users/runner/work/doomcon/doomcon/stillme/ios/build/Build/Products/Debug-iphonesimulator/StillMe.app/PlugIns/StillMeTests.xctest/Frameworks --scan-folder /Users/runner/work/doomcon/doomcon/stillme/ios/build/Build/Products/Debug-iphonesimulator/StillMe.app/PlugIns/StillMeTests.xctest/PlugIns --scan-folder /Users/runner/work/doomcon/doomcon/stillme/ios/build/Build/Products/Debug-iphonesimulator/StillMe.app/PlugIns/StillMeTests.xctest/SystemExtensions --scan-folder /Users/runner/work/doomcon/doomcon/stillme/ios/build/Build/Products/Debug-iphonesimulator/StillMe.app/PlugIns/StillMeTests.xctest/Extensions --platform iphonesimulator --toolchain /var/run/com.apple.security.cryptexd/mnt/com.apple.MobileAsset.MetalToolchain-v17.6.109.0.f7SxGp/Metal.xctoolchain --toolchain /Applications/Xcode_26.6.app/Contents/Developer/Toolchains/XcodeDefault.xctoolchain --destination /Users/runner/work/doomcon/doomcon/stillme/ios/build/Build/Products/Debug-iphonesimulator/StillMe.app/PlugIns/StillMeTests.xctest/Frameworks --strip-bitcode --scan-executable /Applications/Xcode_26.6.app/Contents/Developer/Platforms/iPhoneSimulator.platform/Developer/usr/lib/libXCTestSwiftSupport.dylib --strip-bitcode-tool /Applications/Xcode_26.6.app/Contents/Developer/Toolchains/XcodeDefault.xctoolchain/usr/bin/bitcode_strip --emit-dependency-info /Users/runner/work/doomcon/doomcon/stillme/ios/build/Build/Intermediates.noindex/StillMe.build/Debug-iphonesimulator/StillMeTests.build/SwiftStdLibToolInputDependencies.dep --filter-for-swift-os
Ignoring --strip-bitcode because --sign was not passed

ExtractAppIntentsMetadata (in target 'StillMeTests' from project 'StillMe')
    cd /Users/runner/work/doomcon/doomcon/stillme/ios
    /Applications/Xcode_26.6.app/Contents/Developer/Toolchains/XcodeDefault.xctoolchain/usr/bin/appintentsmetadataprocessor --toolchain-dir /var/run/com.apple.security.cryptexd/mnt/com.apple.MobileAsset.MetalToolchain-v17.6.109.0.f7SxGp/Metal.xctoolchain --module-name StillMeTests --sdk-root /Applications/Xcode_26.6.app/Contents/Developer/Platforms/iPhoneSimulator.platform/Developer/SDKs/iPhoneSimulator26.5.sdk --xcode-version 17F113 --platform-family iOS --deployment-target 26.0 --bundle-identifier com.messagegabrielhere.stillme.tests --output /Users/runner/work/doomcon/doomcon/stillme/ios/build/Build/Products/Debug-iphonesimulator/StillMe.app/PlugIns/StillMeTests.xctest --target-triple arm64-apple-ios26.0-simulator --binary-file /Users/runner/work/doomcon/doomcon/stillme/ios/build/Build/Products/Debug-iphonesimulator/StillMe.app/PlugIns/StillMeTests.xctest/StillMeTests --dependency-file /Users/runner/work/doomcon/doomcon/stillme/ios/build/Build/Intermediates.noindex/StillMe.build/Debug-iphonesimulator/StillMeTests.build/Objects-normal/arm64/StillMeTests_dependency_info.dat --stringsdata-file /Users/runner/work/doomcon/doomcon/stillme/ios/build/Build/Intermediates.noindex/StillMe.build/Debug-iphonesimulator/StillMeTests.build/Objects-normal/arm64/ExtractedAppShortcutsMetadata.stringsdata --source-file-list /Users/runner/work/doomcon/doomcon/stillme/ios/build/Build/Intermediates.noindex/StillMe.build/Debug-iphonesimulator/StillMeTests.build/Objects-normal/arm64/StillMeTests.SwiftFileList --metadata-file-list /Users/runner/work/doomcon/doomcon/stillme/ios/build/Build/Intermediates.noindex/StillMe.build/Debug-iphonesimulator/StillMeTests.build/StillMeTests.DependencyMetadataFileList --static-metadata-file-list /Users/runner/work/doomcon/doomcon/stillme/ios/build/Build/Intermediates.noindex/StillMe.build/Debug-iphonesimulator/StillMeTests.build/StillMeTests.DependencyStaticMetadataFileList --swift-const-vals-list /Users/runner/work/doomcon/doomcon/stillme/ios/build/Build/Intermediates.noindex/StillMe.build/Debug-iphonesimulator/StillMeTests.build/Objects-normal/arm64/StillMeTests.SwiftConstValuesFileList --compile-time-extraction --deployment-aware-processing --validate-assistant-intents --no-app-shortcuts-localization
2026-10-10 04:03:02.377 appintentsmetadataprocessor[9842:31571] Starting appintentsmetadataprocessor export
2026-10-10 04:03:02.383 appintentsmetadataprocessor[9842:31571] warning: Metadata extraction skipped. No AppIntents.framework dependency found.

AppIntentsSSUTraining (in target 'StillMeTests' from project 'StillMe')
    cd /Users/runner/work/doomcon/doomcon/stillme/ios
    /Applications/Xcode_26.6.app/Contents/Developer/Toolchains/XcodeDefault.xctoolchain/usr/bin/appintentsnltrainingprocessor --infoplist-path /Users/runner/work/doomcon/doomcon/stillme/ios/build/Build/Products/Debug-iphonesimulator/StillMe.app/PlugIns/StillMeTests.xctest/Info.plist --temp-dir-path /Users/runner/work/doomcon/doomcon/stillme/ios/build/Build/Intermediates.noindex/StillMe.build/Debug-iphonesimulator/StillMeTests.build/ssu --bundle-id com.messagegabrielhere.stillme.tests --product-path /Users/runner/work/doomcon/doomcon/stillme/ios/build/Build/Products/Debug-iphonesimulator/StillMe.app/PlugIns/StillMeTests.xctest --extracted-metadata-path /Users/runner/work/doomcon/doomcon/stillme/ios/build/Build/Products/Debug-iphonesimulator/StillMe.app/PlugIns/StillMeTests.xctest/Metadata.appintents --metadata-file-list /Users/runner/work/doomcon/doomcon/stillme/ios/build/Build/Intermediates.noindex/StillMe.build/Debug-iphonesimulator/StillMeTests.build/StillMeTests.DependencyMetadataFileList --source-file /Users/runner/work/doomcon/doomcon/stillme/ios/build/Build/Products/Debug-iphonesimulator/StillMe.app/PlugIns/StillMeTests.xctest/Info.plist --archive-ssu-assets
2026-10-10 04:03:02.408 appintentsnltrainingprocessor[9843:31572] Parsing options for appintentsnltrainingprocessor
2026-10-10 04:03:02.408 appintentsnltrainingprocessor[9843:31572] Starting AppIntents SSU YAML Generation
2026-10-10 04:03:02.409 appintentsnltrainingprocessor[9843:31572] No AppShortcuts found - Skipping.

RegisterExecutionPolicyException /Users/runner/work/doomcon/doomcon/stillme/ios/build/Build/Products/Debug-iphonesimulator/StillMe.app/PlugIns/StillMeTests.xctest (in target 'StillMeTests' from project 'StillMe')
    cd /Users/runner/work/doomcon/doomcon/stillme/ios
    builtin-RegisterExecutionPolicyException /Users/runner/work/doomcon/doomcon/stillme/ios/build/Build/Products/Debug-iphonesimulator/StillMe.app/PlugIns/StillMeTests.xctest

Touch /Users/runner/work/doomcon/doomcon/stillme/ios/build/Build/Products/Debug-iphonesimulator/StillMe.app/PlugIns/StillMeTests.xctest (in target 'StillMeTests' from project 'StillMe')
    cd /Users/runner/work/doomcon/doomcon/stillme/ios
    /usr/bin/touch -c /Users/runner/work/doomcon/doomcon/stillme/ios/build/Build/Products/Debug-iphonesimulator/StillMe.app/PlugIns/StillMeTests.xctest

Validate /Users/runner/work/doomcon/doomcon/stillme/ios/build/Build/Products/Debug-iphonesimulator/StillMe.app (in target 'StillMe' from project 'StillMe')
    cd /Users/runner/work/doomcon/doomcon/stillme/ios
    builtin-validationUtility /Users/runner/work/doomcon/doomcon/stillme/ios/build/Build/Products/Debug-iphonesimulator/StillMe.app -shallow-bundle -infoplist-subpath Info.plist

IOSurfaceClientSetSurfaceNotify failed e00002c7
2026-10-10 04:05:46.505609+0000 StillMe[11398:37284] fopen failed for data file: errno = 2 (No such file or directory)
2026-10-10 04:05:46.505841+0000 StillMe[11398:37284] Errors found! Invalidating cache...
2026-10-10 04:05:46.997365+0000 StillMe[11398:37284] fopen failed for data file: errno = 2 (No such file or directory)
2026-10-10 04:05:46.997722+0000 StillMe[11398:37284] Errors found! Invalidating cache...
2026-10-10 04:05:47.028224+0000 StillMe[11398:37284] [error] building pipeline plane_color-ca16feba4 took 0.522555 seconds
Test Suite 'All tests' started at 2026-10-10 04:05:48.902.
Test Suite 'StillMeTests.xctest' started at 2026-10-10 04:05:48.904.
Test Suite 'LegacySealTests' started at 2026-10-10 04:05:48.904.
Test Case '-[StillMeTests.LegacySealTests testCodesAreUniqueAndTypable]' started.
Test Case '-[StillMeTests.LegacySealTests testCodesAreUniqueAndTypable]' passed (0.025 seconds).
Test Case '-[StillMeTests.LegacySealTests testEachPersonOnlyGetsTheirMemories]' started.
Test Case '-[StillMeTests.LegacySealTests testEachPersonOnlyGetsTheirMemories]' passed (0.001 seconds).
Test Case '-[StillMeTests.LegacySealTests testFileHidesContentsWithoutTheCode]' started.
Test Case '-[StillMeTests.LegacySealTests testFileHidesContentsWithoutTheCode]' passed (0.172 seconds).
Test Case '-[StillMeTests.LegacySealTests testNotALegacyFile]' started.
Test Case '-[StillMeTests.LegacySealTests testNotALegacyFile]' passed (0.004 seconds).
Test Case '-[StillMeTests.LegacySealTests testOlderArchivesStillDecode]' started.
Test Case '-[StillMeTests.LegacySealTests testOlderArchivesStillDecode]' passed (0.015 seconds).
Test Case '-[StillMeTests.LegacySealTests testSealedFileOpensWithItsCodeInAnyFormat]' started.
Test Case '-[StillMeTests.LegacySealTests testSealedFileOpensWithItsCodeInAnyFormat]' passed (0.270 seconds).
Test Case '-[StillMeTests.LegacySealTests testWrongCodeIsRejected]' started.
Test Case '-[StillMeTests.LegacySealTests testWrongCodeIsRejected]' passed (0.245 seconds).
Test Suite 'LegacySealTests' passed at 2026-10-10 04:05:49.642.
	 Executed 7 tests, with 0 failures (0 unexpected) in 0.732 (0.738) seconds
Test Suite 'StillMeTests.xctest' passed at 2026-10-10 04:05:49.643.
	 Executed 7 tests, with 0 failures (0 unexpected) in 0.732 (0.739) seconds
Test Suite 'All tests' passed at 2026-10-10 04:05:49.643.
	 Executed 7 tests, with 0 failures (0 unexpected) in 0.732 (0.741) seconds
2026-10-10 04:05:54.244 xcodebuild[9778:31198] [MT] IDETestOperationsObserverDebug: 171.753 elapsed -- Testing started completed.
2026-10-10 04:05:54.245 xcodebuild[9778:31198] [MT] IDETestOperationsObserverDebug: 0.000 sec, +0.000 sec -- start
2026-10-10 04:05:54.245 xcodebuild[9778:31198] [MT] IDETestOperationsObserverDebug: 171.753 sec, +171.753 sec -- end

Test session results, code coverage, and logs:
	/Users/runner/work/doomcon/doomcon/stillme/ios/build/Logs/Test/Test-StillMe-2026.10.10_04-02-52-+0000.xcresult

** TEST SUCCEEDED **

Testing started
